[     665ms] [ERROR] Failed to load resource: the server responded with a status of 404 (Not Found) @ http://localhost:5173/favicon.ico:0
[    1983ms] [VERBOSE] [DOM] Input elements should have autocomplete attributes (suggested: "current-password"): (More info: https://goo.gl/9p2vKq) %o @ http://localhost:5173/login:0
[   89731ms] TypeError: Cannot read properties of undefined (reading 'push')
    at MutationObserver.eval (eval at <anonymous> (eval at evaluate (:311:30)), <anonymous>:17:29)
[   89732ms] TypeError: Cannot read properties of undefined (reading 'push')
    at MutationObserver.eval (eval at <anonymous> (eval at evaluate (:311:30)), <anonymous>:17:29)
[   90309ms] TypeError: Cannot read properties of undefined (reading 'push')
    at MutationObserver.eval (eval at <anonymous> (eval at evaluate (:311:30)), <anonymous>:17:29)
[   91048ms] TypeError: Cannot read properties of undefined (reading 'push')
    at MutationObserver.eval (eval at <anonymous> (eval at evaluate (:311:30)), <anonymous>:17:29)
[  100308ms] TypeError: Cannot read properties of undefined (reading 'push')
    at MutationObserver.eval (eval at <anonymous> (eval at evaluate (:311:30)), <anonymous>:17:29)
[  101306ms] TypeError: Cannot read properties of undefined (reading 'push')
    at MutationObserver.eval (eval at <anonymous> (eval at evaluate (:311:30)), <anonymous>:17:29)
[  102308ms] TypeError: Cannot read properties of undefined (reading 'push')
    at MutationObserver.eval (eval at <anonymous> (eval at evaluate (:311:30)), <anonymous>:17:29)
[  103306ms] TypeError: Cannot read properties of undefined (reading 'push')
    at MutationObserver.eval (eval at <anonymous> (eval at evaluate (:311:30)), <anonymous>:17:29)
[  104306ms] TypeError: Cannot read properties of undefined (reading 'push')
    at MutationObserver.eval (eval at <anonymous> (eval at evaluate (:311:30)), <anonymous>:17:29)
[  105306ms] TypeError: Cannot read properties of undefined (reading 'push')
    at MutationObserver.eval (eval at <anonymous> (eval at evaluate (:311:30)), <anonymous>:17:29)
[  106306ms] TypeError: Cannot read properties of undefined (reading 'push')
    at MutationObserver.eval (eval at <anonymous> (eval at evaluate (:311:30)), <anonymous>:17:29)
[  107306ms] TypeError: Cannot read properties of undefined (reading 'push')
    at MutationObserver.eval (eval at <anonymous> (eval at evaluate (:311:30)), <anonymous>:17:29)
[  108306ms] TypeError: Cannot read properties of undefined (reading 'push')
    at MutationObserver.eval (eval at <anonymous> (eval at evaluate (:311:30)), <anonymous>:17:29)
[  109308ms] TypeError: Cannot read properties of undefined (reading 'push')
    at MutationObserver.eval (eval at <anonymous> (eval at evaluate (:311:30)), <anonymous>:17:29)
[  110306ms] TypeError: Cannot read properties of undefined (reading 'push')
    at MutationObserver.eval (eval at <anonymous> (eval at evaluate (:311:30)), <anonymous>:17:29)
[  111306ms] TypeError: Cannot read properties of undefined (reading 'push')
    at MutationObserver.eval (eval at <anonymous> (eval at evaluate (:311:30)), <anonymous>:17:29)
[  112305ms] TypeError: Cannot read properties of undefined (reading 'push')
    at MutationObserver.eval (eval at <anonymous> (eval at evaluate (:311:30)), <anonymous>:17:29)
