........................................................................ [  4%]
........................................................................ [  9%]
........................................................................ [ 14%]
........................................................................ [ 19%]
........................................................................ [ 23%]
........................................................................ [ 28%]
........................................................................ [ 33%]
sss..................................................................... [ 38%]
....................................F................................... [ 42%]
........................................................................ [ 47%]
........................................................................ [ 52%]
.................................FFFF................................... [ 57%]
........................................................................ [ 62%]
........................................................................ [ 66%]
........................................................................ [ 71%]
........................................................................ [ 76%]
........................................................................ [ 81%]
.......................................FF............................... [ 85%]
........................................................................ [ 90%]
........................................................................ [ 95%]
.....................................................................    [100%]
=================================== FAILURES ===================================
_____________ test_real_alembic_chain_and_nonempty_downgrade_guard _____________

tmp_path = PosixPath('/private/var/folders/8c/t8htn7h14t777qd1hclgyj940000gn/T/pytest-of-lyston/pytest-326/test_real_alembic_chain_and_no0')

    def test_real_alembic_chain_and_nonempty_downgrade_guard(tmp_path):
        result = _migrate(tmp_path, "upgrade", OLD_HEAD)
        assert result.returncode == 0, result.stderr
        engine = _engine(tmp_path)
        _seed_legacy(engine)
        result = _migrate(tmp_path, "upgrade", "head")
        assert result.returncode == 0, result.stderr
        with engine.connect() as connection:
            head = ScriptDirectory(str(BACKEND / "migrations")).get_current_head()
            assert connection.scalar(text("SELECT version_num FROM alembic_version")) == head
            original = connection.execute(
                text(
                    "SELECT id,raw_quote,source_candidate_id,source_verification "
                    "FROM memories ORDER BY id"
                )
            ).all()
        result = _migrate(tmp_path, "downgrade", OLD_HEAD)
        assert result.returncode != 0 and "discard provenance/history" in result.stderr
        with engine.connect() as connection:
            assert (
                connection.execute(
                    text(
                        "SELECT id,raw_quote,source_candidate_id,source_verification "
                        "FROM memories ORDER BY id"
                    )
                ).all()
                == original
            )
            # The guarded source branch stops at 0042 with its data intact. A
            # sibling branch can still be present when Alembic stops partway
            # through the merge downgrade; scalar() would select it arbitrarily.
            versions = set(connection.scalars(text("SELECT version_num FROM alembic_version")))
>           assert "0042_memory_source_contract" in versions
E           AssertionError: assert '0042_memory_source_contract' in {'0048_steward_terminology_publication'}

tests/test_memory_source_migration.py:246: AssertionError
__ test_real_tick_rolls_back_entire_rag_batch_and_preserves_core[final_lease] __

db_session = <sqlalchemy.orm.session.Session object at 0x10f1a6a20>
world = (<User id=1 name='lifecycle-acceptance' status=identity_confirmed>, <FamilySpace 1 'lifecycle-acceptance-space' kind=household owner=1>)
monkeypatch = <_pytest.monkeypatch.MonkeyPatch object at 0x10e5ec320>
rejection = 'final_lease'

    @pytest.mark.parametrize("rejection", ["final_lease", "final_flag", "final_source", "item_lease"])
    def test_real_tick_rolls_back_entire_rag_batch_and_preserves_core(
        db_session,
        world,
        monkeypatch,
        rejection,
    ):
        user, space = world
        features(db_session, rag=False)
        memories = [confirm(db_session, user, f"orchidgrove tick {i}") for i in range(3)]
        memory_ids = [row.id for row in memories]
        features(db_session, rag=True)
        rag_maintenance._ensure_state(db_session, utcnow())
        db_session.commit()
        job, _ = steward.enqueue_steward_job(
            db_session, space_id=space.id, cause="source_fact", trigger_cursor=3
        )
        db_session.commit()
        before = projection_snapshot(db_session)
        monkeypatch.setattr(config, "AGENT_RUNTIME_ENABLED", False)
        monkeypatch.setattr(config, "STEWARD_ENABLED", True)
        monkeypatch.setattr(config, "STEWARD_WORKER_ENABLED", True)
        original_ensure = memory_rag.ensure_memory_index
        original_renew = rag_maintenance._renew_lease
    
        def ensure(db, memory, **kwargs):
            if memory.id == memory_ids[1]:
                if rejection == "item_lease":
                    raise rag_maintenance.MaintenanceLeaseLost("synthetic lease rejection")
                raise RuntimeError("synthetic ordinary bad row")
            return original_ensure(db, memory, **kwargs)
    
        def final_fence(db, lease, *, expected_attempt, now):
            if rejection == "final_lease":
                raise rag_maintenance.MaintenanceLeaseLost("synthetic final rejection")
            renewed = original_renew(db, lease, expected_attempt=expected_attempt, now=now)
            if rejection == "final_flag":
                features(db, rag=False)
            elif rejection == "final_source":
                memory_rag.revoke_memory(db, memory_id=memory_ids[0], account_id=user.account.id)
            return renewed
    
        monkeypatch.setattr(memory_rag, "ensure_memory_index", ensure)
        monkeypatch.setattr(rag_maintenance, "_renew_lease", final_fence)
        result = maintenance.run_maintenance_tick()
        assert result["steward_executed"] >= 1
        assert all(
            result[key] == 0
            for key in ("rag_index_scanned", "rag_index_materialized", "rag_index_failed")
        )
        assert projection_snapshot(db_session) == before
>       assert db_session.get(StewardJob, job.id, populate_existing=True).status == "succeeded"
E       AssertionError: assert 'running' == 'succeeded'
E         
E         - succeeded
E         + running

tests/test_rag_lifecycle_acceptance.py:521: AssertionError
----------------------------- Captured stdout call -----------------------------
{"ts": "2026-09-14T13:31:54.052+00:00", "level": "WARNING", "logger": "app.services.maintenance", "msg": "rag index maintenance failed; core tick unaffected (error=MaintenanceLeaseLost)", "user_id": null, "request_id": ""}
------------------------------ Captured log call -------------------------------
WARNING  app.services.maintenance:maintenance.py:119 rag index maintenance failed; core tick unaffected (error=MaintenanceLeaseLost)
--------------------------- Captured stdout teardown ---------------------------
{"ts": "2026-09-14T13:31:54.064+00:00", "level": "WARNING", "logger": "app.services.steward_runtime", "msg": "steward coordinator stopped job=1 error=RuntimeStopping", "user_id": null, "request_id": ""}
---------------------------- Captured log teardown -----------------------------
WARNING  app.services.steward_runtime:steward_runtime.py:94 steward coordinator stopped job=1 error=RuntimeStopping
__ test_real_tick_rolls_back_entire_rag_batch_and_preserves_core[final_flag] ___

db_session = <sqlalchemy.orm.session.Session object at 0x10f1a66c0>
world = (<User id=1 name='lifecycle-acceptance' status=identity_confirmed>, <FamilySpace 1 'lifecycle-acceptance-space' kind=household owner=1>)
monkeypatch = <_pytest.monkeypatch.MonkeyPatch object at 0x10f3a1700>
rejection = 'final_flag'

    @pytest.mark.parametrize("rejection", ["final_lease", "final_flag", "final_source", "item_lease"])
    def test_real_tick_rolls_back_entire_rag_batch_and_preserves_core(
        db_session,
        world,
        monkeypatch,
        rejection,
    ):
        user, space = world
        features(db_session, rag=False)
        memories = [confirm(db_session, user, f"orchidgrove tick {i}") for i in range(3)]
        memory_ids = [row.id for row in memories]
        features(db_session, rag=True)
        rag_maintenance._ensure_state(db_session, utcnow())
        db_session.commit()
        job, _ = steward.enqueue_steward_job(
            db_session, space_id=space.id, cause="source_fact", trigger_cursor=3
        )
        db_session.commit()
        before = projection_snapshot(db_session)
        monkeypatch.setattr(config, "AGENT_RUNTIME_ENABLED", False)
        monkeypatch.setattr(config, "STEWARD_ENABLED", True)
        monkeypatch.setattr(config, "STEWARD_WORKER_ENABLED", True)
        original_ensure = memory_rag.ensure_memory_index
        original_renew = rag_maintenance._renew_lease
    
        def ensure(db, memory, **kwargs):
            if memory.id == memory_ids[1]:
                if rejection == "item_lease":
                    raise rag_maintenance.MaintenanceLeaseLost("synthetic lease rejection")
                raise RuntimeError("synthetic ordinary bad row")
            return original_ensure(db, memory, **kwargs)
    
        def final_fence(db, lease, *, expected_attempt, now):
            if rejection == "final_lease":
                raise rag_maintenance.MaintenanceLeaseLost("synthetic final rejection")
            renewed = original_renew(db, lease, expected_attempt=expected_attempt, now=now)
            if rejection == "final_flag":
                features(db, rag=False)
            elif rejection == "final_source":
                memory_rag.revoke_memory(db, memory_id=memory_ids[0], account_id=user.account.id)
            return renewed
    
        monkeypatch.setattr(memory_rag, "ensure_memory_index", ensure)
        monkeypatch.setattr(rag_maintenance, "_renew_lease", final_fence)
        result = maintenance.run_maintenance_tick()
        assert result["steward_executed"] >= 1
        assert all(
            result[key] == 0
            for key in ("rag_index_scanned", "rag_index_materialized", "rag_index_failed")
        )
        assert projection_snapshot(db_session) == before
>       assert db_session.get(StewardJob, job.id, populate_existing=True).status == "succeeded"
E       AssertionError: assert 'running' == 'succeeded'
E         
E         - succeeded
E         + running

tests/test_rag_lifecycle_acceptance.py:521: AssertionError
----------------------------- Captured stdout call -----------------------------
{"ts": "2026-09-14T13:31:54.101+00:00", "level": "WARNING", "logger": "app.services.maintenance", "msg": "rag index maintenance failed; core tick unaffected (error=HTTPException)", "user_id": null, "request_id": ""}
------------------------------ Captured log call -------------------------------
WARNING  app.services.maintenance:maintenance.py:119 rag index maintenance failed; core tick unaffected (error=HTTPException)
--------------------------- Captured stdout teardown ---------------------------
{"ts": "2026-09-14T13:31:54.113+00:00", "level": "WARNING", "logger": "app.services.steward_runtime", "msg": "steward coordinator stopped job=1 error=RuntimeStopping", "user_id": null, "request_id": ""}
---------------------------- Captured log teardown -----------------------------
WARNING  app.services.steward_runtime:steward_runtime.py:94 steward coordinator stopped job=1 error=RuntimeStopping
_ test_real_tick_rolls_back_entire_rag_batch_and_preserves_core[final_source] __

db_session = <sqlalchemy.orm.session.Session object at 0x10b07acc0>
world = (<User id=1 name='lifecycle-acceptance' status=identity_confirmed>, <FamilySpace 1 'lifecycle-acceptance-space' kind=household owner=1>)
monkeypatch = <_pytest.monkeypatch.MonkeyPatch object at 0x10b2fb470>
rejection = 'final_source'

    @pytest.mark.parametrize("rejection", ["final_lease", "final_flag", "final_source", "item_lease"])
    def test_real_tick_rolls_back_entire_rag_batch_and_preserves_core(
        db_session,
        world,
        monkeypatch,
        rejection,
    ):
        user, space = world
        features(db_session, rag=False)
        memories = [confirm(db_session, user, f"orchidgrove tick {i}") for i in range(3)]
        memory_ids = [row.id for row in memories]
        features(db_session, rag=True)
        rag_maintenance._ensure_state(db_session, utcnow())
        db_session.commit()
        job, _ = steward.enqueue_steward_job(
            db_session, space_id=space.id, cause="source_fact", trigger_cursor=3
        )
        db_session.commit()
        before = projection_snapshot(db_session)
        monkeypatch.setattr(config, "AGENT_RUNTIME_ENABLED", False)
        monkeypatch.setattr(config, "STEWARD_ENABLED", True)
        monkeypatch.setattr(config, "STEWARD_WORKER_ENABLED", True)
        original_ensure = memory_rag.ensure_memory_index
        original_renew = rag_maintenance._renew_lease
    
        def ensure(db, memory, **kwargs):
            if memory.id == memory_ids[1]:
                if rejection == "item_lease":
                    raise rag_maintenance.MaintenanceLeaseLost("synthetic lease rejection")
                raise RuntimeError("synthetic ordinary bad row")
            return original_ensure(db, memory, **kwargs)
    
        def final_fence(db, lease, *, expected_attempt, now):
            if rejection == "final_lease":
                raise rag_maintenance.MaintenanceLeaseLost("synthetic final rejection")
            renewed = original_renew(db, lease, expected_attempt=expected_attempt, now=now)
            if rejection == "final_flag":
                features(db, rag=False)
            elif rejection == "final_source":
                memory_rag.revoke_memory(db, memory_id=memory_ids[0], account_id=user.account.id)
            return renewed
    
        monkeypatch.setattr(memory_rag, "ensure_memory_index", ensure)
        monkeypatch.setattr(rag_maintenance, "_renew_lease", final_fence)
        result = maintenance.run_maintenance_tick()
        assert result["steward_executed"] >= 1
        assert all(
            result[key] == 0
            for key in ("rag_index_scanned", "rag_index_materialized", "rag_index_failed")
        )
        assert projection_snapshot(db_session) == before
>       assert db_session.get(StewardJob, job.id, populate_existing=True).status == "succeeded"
E       AssertionError: assert 'leased' == 'succeeded'
E         
E         - succeeded
E         + leased

tests/test_rag_lifecycle_acceptance.py:521: AssertionError
----------------------------- Captured stdout call -----------------------------
{"ts": "2026-09-14T13:31:54.152+00:00", "level": "WARNING", "logger": "app.services.maintenance", "msg": "rag index maintenance failed; core tick unaffected (error=HTTPException)", "user_id": null, "request_id": ""}
------------------------------ Captured log call -------------------------------
WARNING  app.services.maintenance:maintenance.py:119 rag index maintenance failed; core tick unaffected (error=HTTPException)
--------------------------- Captured stdout teardown ---------------------------
{"ts": "2026-09-14T13:31:54.164+00:00", "level": "WARNING", "logger": "app.services.steward_runtime", "msg": "steward coordinator stopped job=1 error=RuntimeStopping", "user_id": null, "request_id": ""}
---------------------------- Captured log teardown -----------------------------
WARNING  app.services.steward_runtime:steward_runtime.py:94 steward coordinator stopped job=1 error=RuntimeStopping
__ test_real_tick_rolls_back_entire_rag_batch_and_preserves_core[item_lease] ___

db_session = <sqlalchemy.orm.session.Session object at 0x10fc23140>
world = (<User id=1 name='lifecycle-acceptance' status=identity_confirmed>, <FamilySpace 1 'lifecycle-acceptance-space' kind=household owner=1>)
monkeypatch = <_pytest.monkeypatch.MonkeyPatch object at 0x10fc23110>
rejection = 'item_lease'

    @pytest.mark.parametrize("rejection", ["final_lease", "final_flag", "final_source", "item_lease"])
    def test_real_tick_rolls_back_entire_rag_batch_and_preserves_core(
        db_session,
        world,
        monkeypatch,
        rejection,
    ):
        user, space = world
        features(db_session, rag=False)
        memories = [confirm(db_session, user, f"orchidgrove tick {i}") for i in range(3)]
        memory_ids = [row.id for row in memories]
        features(db_session, rag=True)
        rag_maintenance._ensure_state(db_session, utcnow())
        db_session.commit()
        job, _ = steward.enqueue_steward_job(
            db_session, space_id=space.id, cause="source_fact", trigger_cursor=3
        )
        db_session.commit()
        before = projection_snapshot(db_session)
        monkeypatch.setattr(config, "AGENT_RUNTIME_ENABLED", False)
        monkeypatch.setattr(config, "STEWARD_ENABLED", True)
        monkeypatch.setattr(config, "STEWARD_WORKER_ENABLED", True)
        original_ensure = memory_rag.ensure_memory_index
        original_renew = rag_maintenance._renew_lease
    
        def ensure(db, memory, **kwargs):
            if memory.id == memory_ids[1]:
                if rejection == "item_lease":
                    raise rag_maintenance.MaintenanceLeaseLost("synthetic lease rejection")
                raise RuntimeError("synthetic ordinary bad row")
            return original_ensure(db, memory, **kwargs)
    
        def final_fence(db, lease, *, expected_attempt, now):
            if rejection == "final_lease":
                raise rag_maintenance.MaintenanceLeaseLost("synthetic final rejection")
            renewed = original_renew(db, lease, expected_attempt=expected_attempt, now=now)
            if rejection == "final_flag":
                features(db, rag=False)
            elif rejection == "final_source":
                memory_rag.revoke_memory(db, memory_id=memory_ids[0], account_id=user.account.id)
            return renewed
    
        monkeypatch.setattr(memory_rag, "ensure_memory_index", ensure)
        monkeypatch.setattr(rag_maintenance, "_renew_lease", final_fence)
        result = maintenance.run_maintenance_tick()
        assert result["steward_executed"] >= 1
        assert all(
            result[key] == 0
            for key in ("rag_index_scanned", "rag_index_materialized", "rag_index_failed")
        )
        assert projection_snapshot(db_session) == before
>       assert db_session.get(StewardJob, job.id, populate_existing=True).status == "succeeded"
E       AssertionError: assert 'running' == 'succeeded'
E         
E         - succeeded
E         + running

tests/test_rag_lifecycle_acceptance.py:521: AssertionError
----------------------------- Captured stdout call -----------------------------
{"ts": "2026-09-14T13:31:54.198+00:00", "level": "WARNING", "logger": "app.services.maintenance", "msg": "rag index maintenance failed; core tick unaffected (error=MaintenanceLeaseLost)", "user_id": null, "request_id": ""}
------------------------------ Captured log call -------------------------------
WARNING  app.services.maintenance:maintenance.py:119 rag index maintenance failed; core tick unaffected (error=MaintenanceLeaseLost)
--------------------------- Captured stdout teardown ---------------------------
{"ts": "2026-09-14T13:31:54.218+00:00", "level": "WARNING", "logger": "app.services.steward_runtime", "msg": "steward coordinator stopped job=1 error=RuntimeStopping", "user_id": null, "request_id": ""}
---------------------------- Captured log teardown -----------------------------
WARNING  app.services.steward_runtime:steward_runtime.py:94 steward coordinator stopped job=1 error=RuntimeStopping
_____ test_consumers_switch_at_publication_without_synchronous_get_rebuild _____

db_session = <sqlalchemy.orm.session.Session object at 0x10b650b30>
staged_family = ([<User id=1 name='publication-consumer' status=identity_confirmed>, <User id=2 name='publication-parent-0' status=ide...n_id': 1, 'stats': {'cards_created': 0, 'cards_expired': 0, 'cards_superseded': 0, 'derived_recomputed': 6, ...}, ...})
monkeypatch = <_pytest.monkeypatch.MonkeyPatch object at 0x1182d2900>

    def test_consumers_switch_at_publication_without_synchronous_get_rebuild(
        db_session, staged_family, monkeypatch
    ):
        people, space, _facts, binding, upper, summary = staged_family
    
        def no_rebuild(*args, **kwargs):
            raise AssertionError("read consumer attempted synchronous recompute")
    
        monkeypatch.setattr(personal_family_view, "rebuild_view", no_rebuild)
        recommendations, stats, household, presentation = read_consumers(db_session, people, space)
        assert db_session.get(StewardPublication, space.id) is None
        assert recommendations["view_status"] != "current" and recommendations["items"] == []
        assert stats["status"] != "current" and stats["node_count"] == stats["edge_count"] == 0
        assert stats["member_count"] == 3
        assert len(household["members"]) == 2 and household["computed_at"] is None
>       assert presentation["term"] is None
E       AssertionError: assert '爸爸' is None

tests/test_steward_publication_consumers.py:103: AssertionError
_____ test_consumer_publication_fence_hides_revoked_terms_and_counts[fact] _____

db_session = <sqlalchemy.orm.session.Session object at 0x10fc20110>
staged_family = ([<User id=1 name='publication-consumer' status=identity_confirmed>, <User id=2 name='publication-parent-0' status=ide...n_id': 1, 'stats': {'cards_created': 0, 'cards_expired': 0, 'cards_superseded': 0, 'derived_recomputed': 6, ...}, ...})
change = 'fact'
monkeypatch = <_pytest.monkeypatch.MonkeyPatch object at 0x118284c20>

    @pytest.mark.parametrize("change", ["fact", "membership"])
    def test_consumer_publication_fence_hides_revoked_terms_and_counts(
        db_session, staged_family, change, monkeypatch
    ):
        people, space, facts, binding, upper, summary = staged_family
        steward_pipeline.publish(db_session, binding, summary=summary, upper=upper)
        with Session(bind=db_session.get_bind()) as writer:
            if change == "fact":
                writer.execute(
                    update(SourceFact)
                    .where(SourceFact.id == facts[0].id)
                    .values(revision=SourceFact.revision + 1)
                )
            else:
                writer.execute(
                    update(SpaceMember)
                    .where(
                        SpaceMember.space_id == space.id,
                        SpaceMember.user_id == people[1].id,
                    )
                    .values(status="removed")
                )
            writer.commit()
        db_session.expire_all()
        monkeypatch.setattr(config, "STEWARD_WORKER_ENABLED", True)
        recommendations, stats, household, presentation = read_consumers(db_session, people, space)
        assert recommendations["view_status"] == stats["status"] == "stale"
        assert recommendations["items"] == []
        assert stats["node_count"] == stats["edge_count"] == 0
        assert stats["stale_reason"] == "input_changed"
        assert household["computed_at"] is None
>       assert presentation["term"] is None
E       AssertionError: assert '爸爸' is None

tests/test_steward_publication_consumers.py:166: AssertionError
=============================== warnings summary ===============================
tests/test_admin_agent_latency.py::test_latency_metrics_shape_and_percentiles
tests/test_admin_agent_latency.py::test_latency_metrics_shape_and_percentiles
tests/test_admin_agent_latency.py::test_latency_metrics_shape_and_percentiles
tests/test_admin_agent_latency.py::test_latency_metrics_shape_and_percentiles
  /Users/lyston/PycharmProjects/familygraph/backend/.venv/lib/python3.12/site-packages/sqlalchemy/engine/default.py:941: DeprecationWarning: The default datetime adapter is deprecated as of Python 3.12; see the sqlite3 documentation for suggested replacement recipes
    cursor.execute(statement, parameters)

-- Docs: https://docs.pytest.org/en/stable/how-to/capture-warnings.html
--------- generated xml file: /private/tmp/steward-merged-backend.xml ----------
=========================== short test summary info ============================
FAILED tests/test_memory_source_migration.py::test_real_alembic_chain_and_nonempty_downgrade_guard
FAILED tests/test_rag_lifecycle_acceptance.py::test_real_tick_rolls_back_entire_rag_batch_and_preserves_core[final_lease]
FAILED tests/test_rag_lifecycle_acceptance.py::test_real_tick_rolls_back_entire_rag_batch_and_preserves_core[final_flag]
FAILED tests/test_rag_lifecycle_acceptance.py::test_real_tick_rolls_back_entire_rag_batch_and_preserves_core[final_source]
FAILED tests/test_rag_lifecycle_acceptance.py::test_real_tick_rolls_back_entire_rag_batch_and_preserves_core[item_lease]
FAILED tests/test_steward_publication_consumers.py::test_consumers_switch_at_publication_without_synchronous_get_rebuild
FAILED tests/test_steward_publication_consumers.py::test_consumer_publication_fence_hides_revoked_terms_and_counts[fact]
7 failed, 1499 passed, 3 skipped, 4 warnings in 136.31s (0:02:16)
