........................................................................ [  4%]
........................................................................ [  9%]
........................................................................ [ 14%]
........................................................................ [ 19%]
........................................................................ [ 23%]
........................................................................ [ 28%]
........................................................................ [ 33%]
sss..................................................................... [ 38%]
........................................................................ [ 42%]
........................................................................ [ 47%]
........................................................................ [ 52%]
........................................................................ [ 57%]
........................................................................ [ 62%]
........................................................................ [ 66%]
........................................................................ [ 71%]
........................................................................ [ 76%]
........................................................................ [ 81%]
........................................................................ [ 85%]
........................................................................ [ 90%]
........................................................................ [ 95%]
.....................................................................    [100%]
=============================== warnings summary ===============================
tests/test_admin_agent_latency.py::test_latency_metrics_shape_and_percentiles
tests/test_admin_agent_latency.py::test_latency_metrics_shape_and_percentiles
tests/test_admin_agent_latency.py::test_latency_metrics_shape_and_percentiles
tests/test_admin_agent_latency.py::test_latency_metrics_shape_and_percentiles
  /Users/lyston/PycharmProjects/familygraph/backend/.venv/lib/python3.12/site-packages/sqlalchemy/engine/default.py:941: DeprecationWarning: The default datetime adapter is deprecated as of Python 3.12; see the sqlite3 documentation for suggested replacement recipes
    cursor.execute(statement, parameters)

-- Docs: https://docs.pytest.org/en/stable/how-to/capture-warnings.html
-------- generated xml file: /private/tmp/steward-merged-backend-v2.xml --------
1506 passed, 3 skipped, 4 warnings in 129.17s (0:02:09)
