........................................................................ [  4%]
........................................................................ [  9%]
........................................................................ [ 14%]
........................................................................ [ 18%]
........................................................................ [ 23%]
........................................................................ [ 28%]
........................................................................ [ 32%]
sss..................................................................... [ 37%]
........................................................................ [ 42%]
........................................................................ [ 46%]
........................................................................ [ 51%]
........................................................................ [ 56%]
........................................................................ [ 60%]
........................................................................ [ 65%]
........................................................................ [ 70%]
........................................................................ [ 74%]
........................................................................ [ 79%]
........................................................................ [ 84%]
........................................................................ [ 88%]
........................................................................ [ 93%]
........................................................................ [ 98%]
..........................                                               [100%]
=============================== warnings summary ===============================
tests/test_admin_agent_latency.py::test_latency_metrics_shape_and_percentiles
tests/test_admin_agent_latency.py::test_latency_metrics_shape_and_percentiles
tests/test_admin_agent_latency.py::test_latency_metrics_shape_and_percentiles
tests/test_admin_agent_latency.py::test_latency_metrics_shape_and_percentiles
  /Users/lyston/PycharmProjects/familygraph/backend/.venv/lib/python3.12/site-packages/sqlalchemy/engine/default.py:941: DeprecationWarning: The default datetime adapter is deprecated as of Python 3.12; see the sqlite3 documentation for suggested replacement recipes
    cursor.execute(statement, parameters)

-- Docs: https://docs.pytest.org/en/stable/how-to/capture-warnings.html
-- generated xml file: /private/tmp/steward-integration-backend-admission.xml --
1535 passed, 3 skipped, 4 warnings in 133.67s (0:02:13)
