........................................................................ [  5%]
........................................................................ [ 11%]
........................................................................ [ 17%]
........................................................................ [ 23%]
........................................................................ [ 29%]
........................................................................ [ 35%]
........................................................................ [ 41%]
sss..................................................................... [ 47%]
........................................................................ [ 53%]
........................................................................ [ 59%]
........................................................................ [ 65%]
........................................................................ [ 71%]
........................................................................ [ 77%]
........................................................................ [ 83%]
........................................................................ [ 89%]
........................................................................ [ 95%]
....................................................                     [100%]
=============================== warnings summary ===============================
tests/test_admin_agent_latency.py::test_latency_metrics_shape_and_percentiles
tests/test_admin_agent_latency.py::test_latency_metrics_shape_and_percentiles
tests/test_admin_agent_latency.py::test_latency_metrics_shape_and_percentiles
tests/test_admin_agent_latency.py::test_latency_metrics_shape_and_percentiles
  /Users/lyston/PycharmProjects/fg-09-13-rag-retrieval-citations/backend/.venv/lib/python3.12/site-packages/sqlalchemy/engine/default.py:941: DeprecationWarning: The default datetime adapter is deprecated as of Python 3.12; see the sqlite3 documentation for suggested replacement recipes
    cursor.execute(statement, parameters)

-- Docs: https://docs.pytest.org/en/stable/how-to/capture-warnings.html
1201 passed, 3 skipped, 4 warnings in 66.15s (0:01:06)
